#
# There is insufficient memory for the Java Runtime Environment to continue.
# Native memory allocation (mmap) failed to map 65536 bytes for Failed to commit area from 0x0000017c04af0000 to 0x0000017c04b00000 of length 65536.
# Possible reasons:
#   The system is out of physical RAM or swap space
#   The process is running with CompressedOops enabled, and the Java Heap may be blocking the growth of the native heap
# Possible solutions:
#   Reduce memory load on the system
#   Increase physical memory or swap space
#   Check if swap backing store is full
#   Decrease Java heap size (-Xmx/-Xms)
#   Decrease number of Java threads
#   Decrease Java thread stack sizes (-Xss)
#   Set larger code cache with -XX:ReservedCodeCacheSize=
# This output file may be truncated or incomplete.
#
#  Out of Memory Error (./open/src/hotspot/os/windows/os_windows.cpp:3287), pid=8260, tid=7696
#
# JRE version:  (11.0.16+11) (build )
# Java VM: Java HotSpot(TM) 64-Bit Server VM (11.0.16+11-LTS-199, mixed mode, sharing, tiered, compressed oops, g1 gc, windows-amd64)
# No core dump will be written. Minidumps are not enabled by default on client versions of Windows
#

---------------  S U M M A R Y ------------

Command Line: 

Host: Intel(R) Core(TM) i7-7700HQ CPU @ 2.80GHz, 8 cores, 15G,  Windows 10 , 64 bit Build 19041 (10.0.19041.2364)
Time: Mon Feb 13 10:49:31 2023 South Africa Standard Time elapsed time: 0.021134 seconds (0d 0h 0m 0s)

---------------  T H R E A D  ---------------

Current thread (0x0000017c67e89000):  JavaThread "Unknown thread" [_thread_in_vm, id=7696, stack(0x00000032a2500000,0x00000032a2600000)]

Stack: [0x00000032a2500000,0x00000032a2600000]
Native frames: (J=compiled Java code, j=interpreted, Vv=VM code, C=native code)
V  [jvm.dll+0x62a3ea]
V  [jvm.dll+0x76418f]
V  [jvm.dll+0x765839]
V  [jvm.dll+0x765ec3]
V  [jvm.dll+0x23da98]
V  [jvm.dll+0x62770a]
V  [jvm.dll+0x61c475]
V  [jvm.dll+0x2f2aac]
V  [jvm.dll+0x2f2932]
V  [jvm.dll+0x2f7770]
V  [jvm.dll+0x33a1f5]
V  [jvm.dll+0x339c00]
V  [jvm.dll+0x2d00c8]
V  [jvm.dll+0x2d1236]
V  [jvm.dll+0x73e757]
V  [jvm.dll+0x73ffef]
V  [jvm.dll+0x346ef9]
V  [jvm.dll+0x723f90]
V  [jvm.dll+0x3b5adf]
V  [jvm.dll+0x3b7bf1]
C  [jli.dll+0x5207]
C  [ucrtbase.dll+0x21bb2]
C  [KERNEL32.DLL+0x17614]
C  [ntdll.dll+0x526a1]


---------------  P R O C E S S  ---------------

Threads class SMR info:
_java_thread_list=0x0000017c65d31030, length=0, elements={
}

Java Threads: ( => current thread )

Other Threads:
  0x0000017c67e9d800 GCTaskThread "GC Thread#0" [stack: 0x00000032a2600000,0x00000032a2700000] [id=11776]
  0x0000017c67efe000 ConcurrentGCThread "G1 Main Marker" [stack: 0x00000032a2700000,0x00000032a2800000] [id=18576]
  0x0000017c67f01800 ConcurrentGCThread "G1 Conc#0" [stack: 0x00000032a2800000,0x00000032a2900000] [id=2616]

[error occurred during error reporting (printing all threads), id 0xc0000005, EXCEPTION_ACCESS_VIOLATION (0xc0000005) at pc=0x00007ff90f09f357]

VM state:not at safepoint (not fully initialized)

VM Mutex/Monitor currently owned by a thread:  ([mutex/lock_event])
[0x0000017c67e86100] Heap_lock - owner thread: 0x0000017c67e89000

Heap address: 0x0000000702000000, size: 4064 MB, Compressed Oops mode: Non-zero based: 0x0000000702000000
Narrow klass base: 0x0000000000000000, Narrow klass shift: 0

GC Heap History (0 events):
No events

Deoptimization events (0 events):
No events

Classes redefined (0 events):
No events

Internal exceptions (0 events):
No events

Events (0 events):
No events


Dynamic libraries:
0x00007ff7b75f0000 - 0x00007ff7b75ff000 	C:\Program Files\Java\jdk-11.0.16\bin\java.exe
0x00007ff98e430000 - 0x00007ff98e628000 	C:\WINDOWS\SYSTEM32\ntdll.dll
0x00007ff949d00000 - 0x00007ff949d17000 	C:\Program Files\AVAST Software\Avast\aswhook.dll
0x00007ff98db50000 - 0x00007ff98dc0f000 	C:\WINDOWS\System32\KERNEL32.DLL
0x00007ff98c100000 - 0x00007ff98c3d2000 	C:\WINDOWS\System32\KERNELBASE.dll
0x00007ff98bcb0000 - 0x00007ff98bdb0000 	C:\WINDOWS\System32\ucrtbase.dll
0x00007ff986da0000 - 0x00007ff986db8000 	C:\Program Files\Java\jdk-11.0.16\bin\jli.dll
0x00007ff986d80000 - 0x00007ff986d95000 	C:\Program Files\Java\jdk-11.0.16\bin\VCRUNTIME140.dll
0x00007ff98ddf0000 - 0x00007ff98de9e000 	C:\WINDOWS\System32\ADVAPI32.dll
0x00007ff98dea0000 - 0x00007ff98df3e000 	C:\WINDOWS\System32\msvcrt.dll
0x00007ff98cac0000 - 0x00007ff98cb5c000 	C:\WINDOWS\System32\sechost.dll
0x00007ff98c620000 - 0x00007ff98c745000 	C:\WINDOWS\System32\RPCRT4.dll
0x00007ff98c8d0000 - 0x00007ff98ca71000 	C:\WINDOWS\System32\USER32.dll
0x00007ff976f40000 - 0x00007ff9771da000 	C:\WINDOWS\WinSxS\amd64_microsoft.windows.common-controls_6595b64144ccf1df_6.0.19041.1110_none_60b5254171f9507e\COMCTL32.dll
0x00007ff98bdb0000 - 0x00007ff98bdd2000 	C:\WINDOWS\System32\win32u.dll
0x00007ff98c8a0000 - 0x00007ff98c8cb000 	C:\WINDOWS\System32\GDI32.dll
0x00007ff98be30000 - 0x00007ff98bf3f000 	C:\WINDOWS\System32\gdi32full.dll
0x00007ff98c060000 - 0x00007ff98c0fd000 	C:\WINDOWS\System32\msvcp_win.dll
0x00007ff989370000 - 0x00007ff98937a000 	C:\WINDOWS\SYSTEM32\VERSION.dll
0x00007ff98ca80000 - 0x00007ff98cab2000 	C:\WINDOWS\System32\IMM32.DLL
0x00007ff9699a0000 - 0x00007ff969a3b000 	C:\Program Files\Java\jdk-11.0.16\bin\msvcp140.dll
0x00007ff90edc0000 - 0x00007ff90f8d8000 	C:\Program Files\Java\jdk-11.0.16\bin\server\jvm.dll
0x00007ff98c750000 - 0x00007ff98c758000 	C:\WINDOWS\System32\PSAPI.DLL
0x00007ff9831b0000 - 0x00007ff9831b9000 	C:\WINDOWS\SYSTEM32\WSOCK32.dll
0x00007ff983fc0000 - 0x00007ff983fe7000 	C:\WINDOWS\SYSTEM32\WINMM.dll
0x00007ff98dd80000 - 0x00007ff98ddeb000 	C:\WINDOWS\System32\WS2_32.dll
0x00007ff98a1b0000 - 0x00007ff98a1c2000 	C:\WINDOWS\SYSTEM32\kernel.appcore.dll
0x00007ff988f80000 - 0x00007ff988f90000 	C:\Program Files\Java\jdk-11.0.16\bin\verify.dll
0x00007ff989e30000 - 0x00007ff98a014000 	C:\WINDOWS\SYSTEM32\DBGHELP.DLL
0x00007ff97eab0000 - 0x00007ff97eae5000 	C:\WINDOWS\SYSTEM32\dbgcore.DLL
0x00007ff98c3e0000 - 0x00007ff98c462000 	C:\WINDOWS\System32\bcryptPrimitives.dll
0x00007ff985f30000 - 0x00007ff985f58000 	C:\Program Files\Java\jdk-11.0.16\bin\java.dll
0x00007ff988c90000 - 0x00007ff988c9a000 	C:\Program Files\Java\jdk-11.0.16\bin\jimage.dll
0x00007ff986d60000 - 0x00007ff986d76000 	C:\Program Files\Java\jdk-11.0.16\bin\zip.dll

dbghelp: loaded successfully - version: 4.0.5 - missing functions: none
symbol engine: initialized successfully - sym options: 0x614 - pdb path: .;C:\Program Files\Java\jdk-11.0.16\bin;C:\WINDOWS\SYSTEM32;C:\Program Files\AVAST Software\Avast;C:\WINDOWS\WinSxS\amd64_microsoft.windows.common-controls_6595b64144ccf1df_6.0.19041.1110_none_60b5254171f9507e;C:\Program Files\Java\jdk-11.0.16\bin\server

VM Arguments:
java_command: <unknown>
java_class_path (initial): <not set>
Launcher Type: SUN_STANDARD

[Global flags]
     intx CICompilerCount                          = 4                                         {product} {ergonomic}
     uint ConcGCThreads                            = 2                                         {product} {ergonomic}
     uint G1ConcRefinementThreads                  = 8                                         {product} {ergonomic}
   size_t G1HeapRegionSize                         = 1048576                                   {product} {ergonomic}
    uintx GCDrainStackTargetSize                   = 64                                        {product} {ergonomic}
   size_t InitialHeapSize                          = 266338304                                 {product} {ergonomic}
   size_t MarkStackSize                            = 4194304                                   {product} {ergonomic}
   size_t MaxHeapSize                              = 4261412864                                {product} {ergonomic}
   size_t MinHeapDeltaBytes                        = 1048576                                   {product} {ergonomic}
    uintx NonNMethodCodeHeapSize                   = 5836300                                {pd product} {ergonomic}
    uintx NonProfiledCodeHeapSize                  = 122910970                              {pd product} {ergonomic}
    uintx ProfiledCodeHeapSize                     = 122910970                              {pd product} {ergonomic}
    uintx ReservedCodeCacheSize                    = 251658240                              {pd product} {ergonomic}
     bool SegmentedCodeCache                       = true                                      {product} {ergonomic}
     bool UseCompressedClassPointers               = true                                 {lp64_product} {ergonomic}
     bool UseCompressedOops                        = true                                 {lp64_product} {ergonomic}
     bool UseG1GC                                  = true                                      {product} {ergonomic}
     bool UseLargePagesIndividualAllocation        = false                                  {pd product} {ergonomic}

Logging:
Log output configuration:
 #0: stdout all=warning uptime,level,tags
 #1: stderr all=off uptime,level,tags

Environment Variables:
PATH=D:\Alkmaar\Indlovu\tricap\frontend\TricApp\android\node_modules\.bin;D:\Alkmaar\Indlovu\tricap\frontend\TricApp\node_modules\.bin;D:\Alkmaar\Indlovu\tricap\frontend\node_modules\.bin;D:\Alkmaar\Indlovu\tricap\node_modules\.bin;D:\Alkmaar\Indlovu\node_modules\.bin;D:\Alkmaar\node_modules\.bin;D:\node_modules\.bin;C:\Program Files\nodejs;D:\Alkmaar\Indlovu\tricap\frontend\TricApp\node_modules\.bin;D:\Alkmaar\Indlovu\tricap\frontend\node_modules\.bin;D:\Alkmaar\Indlovu\tricap\node_modules\.bin;D:\Alkmaar\Indlovu\node_modules\.bin;D:\Alkmaar\node_modules\.bin;D:\node_modules\.bin;C:\Program Files\nodejs\node_modules\npm\node_modules\@npmcli\run-script\lib\node-gyp-bin;D:\Alkmaar\Indlovu\tricap\frontend\TricApp\node_modules\.bin;C:\Users\Pieter.at.Innoventix\bin;C:\Program Files\Git\mingw64\bin;C:\Program Files\Git\usr\local\bin;C:\Program Files\Git\usr\bin;C:\Program Files\Git\usr\bin;C:\Program Files\Git\mingw64\bin;C:\Program Files\Git\usr\bin;C:\Users\Pieter.at.Innoventix\bin;C:\Python310\Scripts;C:\Python310;C:\Program Files\Pico Technology\SDK\lib;C:\Python27;C:\Python27\Scripts;C:\Program Files (x86)\Intel\iCLS Client;C:\Program Files\Intel\iCLS Client;C:\Windows\System32;C:\Windows;C:\Windows\System32\Wbem;C:\Windows\System32\WindowsPowerShell\v1.0;C:\Program Files (x86)\Intel\Intel(R) Management Engine Components\DAL;C:\Program Files\Intel\Intel(R) Management Engine Components\DAL;C:\Program Files (x86)\Intel\Intel(R) Management Engine Components\IPT;C:\Program Files\Intel\Intel(R) Management Engine Components\IPT;C:\Program Files (x86)\NVIDIA Corporation\PhysX\Common;C:\WINDOWS\system32;C:\WINDOWS;C:\WINDOWS\System32\Wbem;C:\WINDOWS\System32\WindowsPowerShell\v1.0;C:\Program Files\PuTTY;C:\Program Files (x86)\WinMerge;C:\Program Files (x86)\Graphviz2.38\bin;C:\Program Files (x86)\Bitvise SSH Client;C:\Program Files (x86)\Windows Kits\10\Windows Performance Toolkit;D:\opencv\build\x64\vc14\bin;C:\Program Files\Git\cmd;C:\WINDOWS\System32\OpenSSH;C:\Program Fil
USERNAME=Alkmaar
SHELL=C:\Program Files\Git\usr\bin\bash.exe
DISPLAY=needs-to-be-defined
OS=Windows_NT
PROCESSOR_IDENTIFIER=Intel64 Family 6 Model 158 Stepping 9, GenuineIntel



---------------  S Y S T E M  ---------------

OS: Windows 10 , 64 bit Build 19041 (10.0.19041.2364)
Hyper-V role detected

CPU:total 8 (initial active 8) (4 cores per cpu, 2 threads per core) family 6 model 158 stepping 9 microcode 0xb4, cmov, cx8, fxsr, mmx, sse, sse2, sse3, ssse3, sse4.1, sse4.2, popcnt, avx, avx2, aes, clmul, erms, 3dnowpref, lzcnt, ht, tsc, tscinvbit, bmi1, bmi2, adx, fma

Memory: 4k page, system-wide physical 16250M (3480M free)
TotalPageFile size 19177M (AvailPageFile size 3M)
current process WorkingSet (physical memory assigned to process): 14M, peak: 14M
current process commit charge ("private bytes"): 323M, peak: 323M

vm_info: Java HotSpot(TM) 64-Bit Server VM (11.0.16+11-LTS-199) for windows-amd64 JRE (11.0.16+11-LTS-199), built on Jun 28 2022 08:23:17 by "mach5one" with MS VC++ 15.9 (VS2017)

END.
